23:58:23 **** Incremental Build of configuration Debug for project EEPROM_Programmer ****
make -j12 all 
arm-none-eabi-gcc "../Core/Src/main.c" -mcpu=cortex-m4 -std=gnu11 -g3 -DUSE_HAL_DRIVER -DDEBUG -DSTM32L432xx -c -I../Core/Inc -I../Drivers/STM32L4xx_HAL_Driver/Inc -I../Drivers/STM32L4xx_HAL_Driver/Inc/Legacy -I../Drivers/CMSIS/Device/ST/STM32L4xx/Include -I../Drivers/CMSIS/Include -O0 -ffunction-sections -fdata-sections -Wall -fstack-usage -MMD -MP -MF"Core/Src/main.d" -MT"Core/Src/main.o" --specs=nano.specs -mfpu=fpv4-sp-d16 -mfloat-abi=hard -mthumb -o "Core/Src/main.o"
arm-none-eabi-g++ -o "EEPROM_Programmer.elf" @"objects.list"   -mcpu=cortex-m4 -T"C:\Users\jack\OneDrive\Documents\GitHub\Breadboard_CPU\EEPROM_Programmer\EEPROM_Programmer\STM32L432KCUX_FLASH.ld" --specs=nosys.specs -Wl,-Map="EEPROM_Programmer.map" -Wl,--gc-sections -static --specs=nano.specs -mfpu=fpv4-sp-d16 -mfloat-abi=hard -mthumb -Wl,--start-group -lc -lm -lstdc++ -lsupc++ -Wl,--end-group
Finished building target: EEPROM_Programmer.elf
 
arm-none-eabi-objdump -h -S  EEPROM_Programmer.elf  > "EEPROM_Programmer.list"
arm-none-eabi-objcopy  -O binary  EEPROM_Programmer.elf  "EEPROM_Programmer.bin"
arm-none-eabi-size   EEPROM_Programmer.elf 
   text	   data	    bss	    dec	    hex	filename
  11112	     20	   5796	  16928	   4220	EEPROM_Programmer.elf
Finished building: default.size.stdout
 
Finished building: EEPROM_Programmer.bin
 
Finished building: EEPROM_Programmer.list
 

23:58:24 Build Finished. 0 errors, 0 warnings. (took 1s.580ms)

